charset from misans_25.ef: 6006 codepoints, glyphs_hdr=6006
Generating 191 fonts  sizes=10..200  bpp=1  charset=6006  jobs=8
TTF: /mnt/e/Fonts/MiSans/MiSans/ttf/MiSans-Regular.ttf
OUT: misans
[1/191] size= 13  229 KiB  0.2s  misans/misans_13.ef
[2/191] size= 12  214 KiB  0.2s  misans/misans_12.ef
[3/191] size= 10  190 KiB  0.2s  misans/misans_10.ef
[4/191] size= 14  244 KiB  0.2s  misans/misans_14.ef
[5/191] size= 11  203 KiB  0.2s  misans/misans_11.ef
[6/191] size= 15  261 KiB  0.2s  misans/misans_15.ef
[7/191] size= 17  295 KiB  0.3s  misans/misans_17.ef
[8/191] size= 16  279 KiB  0.3s  misans/misans_16.ef
[9/191] size= 18  310 KiB  0.3s  misans/misans_18.ef
[10/191] size= 19  334 KiB  0.4s  misans/misans_19.ef
[11/191] size= 20  358 KiB  0.4s  misans/misans_20.ef
[12/191] size= 21  383 KiB  0.4s  misans/misans_21.ef
[13/191] size= 23  435 KiB  0.5s  misans/misans_23.ef
[14/191] size= 22  409 KiB  0.5s  misans/misans_22.ef
[15/191] size= 24  457 KiB  0.5s  misans/misans_24.ef
[16/191] size= 25  482 KiB  0.6s  misans/misans_25.ef
[17/191] size= 26  502 KiB  0.6s  misans/misans_26.ef
[18/191] size= 27  531 KiB  0.6s  misans/misans_27.ef
[19/191] size= 28  561 KiB  0.6s  misans/misans_28.ef
[20/191] size= 29  593 KiB  0.7s  misans/misans_29.ef
[21/191] size= 30  622 KiB  0.9s  misans/misans_30.ef
[22/191] size= 32  689 KiB  0.8s  misans/misans_32.ef
[23/191] size= 31  655 KiB  0.9s  misans/misans_31.ef
[24/191] size= 33  725 KiB  0.9s  misans/misans_33.ef
[25/191] size= 34  765 KiB  1.0s  misans/misans_34.ef
[26/191] size= 35  803 KiB  1.0s  misans/misans_35.ef
[27/191] size= 36  841 KiB  1.0s  misans/misans_36.ef
[28/191] size= 37  886 KiB  1.1s  misans/misans_37.ef
[29/191] size= 38  927 KiB  1.2s  misans/misans_38.ef
[30/191] size= 39  971 KiB  1.3s  misans/misans_39.ef
[31/191] size= 40  1013 KiB  1.3s  misans/misans_40.ef
[32/191] size= 41  1058 KiB  1.2s  misans/misans_41.ef
[33/191] size= 42  1095 KiB  1.2s  misans/misans_42.ef
[34/191] size= 43  1138 KiB  1.3s  misans/misans_43.ef
[35/191] size= 44  1181 KiB  1.4s  misans/misans_44.ef
[36/191] size= 45  1229 KiB  1.5s  misans/misans_45.ef
[37/191] size= 46  1279 KiB  1.6s  misans/misans_46.ef
[38/191] size= 48  1385 KiB  1.5s  misans/misans_48.ef
[39/191] size= 47  1332 KiB  1.6s  misans/misans_47.ef
[40/191] size= 49  1439 KiB  1.7s  misans/misans_49.ef
[41/191] size= 50  1494 KiB  1.8s  misans/misans_50.ef
[42/191] size= 51  1551 KiB  1.9s  misans/misans_51.ef
[43/191] size= 52  1608 KiB  2.0s  misans/misans_52.ef
[44/191] size= 53  1668 KiB  1.9s  misans/misans_53.ef
[45/191] size= 54  1725 KiB  2.2s  misans/misans_54.ef
[46/191] size= 55  1785 KiB  2.4s  misans/misans_55.ef
[47/191] size= 56  1842 KiB  2.5s  misans/misans_56.ef
[48/191] size= 57  1903 KiB  2.5s  misans/misans_57.ef
[49/191] size= 58  1964 KiB  2.6s  misans/misans_58.ef
[50/191] size= 59  2021 KiB  2.7s  misans/misans_59.ef
[51/191] size= 60  2083 KiB  2.9s  misans/misans_60.ef
[52/191] size= 61  2148 KiB  3.0s  misans/misans_61.ef
[53/191] size= 62  2215 KiB  3.0s  misans/misans_62.ef
[54/191] size= 63  2282 KiB  3.2s  misans/misans_63.ef
[55/191] size= 64  2352 KiB  3.3s  misans/misans_64.ef
[56/191] size= 65  2425 KiB  3.4s  misans/misans_65.ef
[57/191] size= 66  2501 KiB  3.5s  misans/misans_66.ef
[58/191] size= 67  2575 KiB  3.6s  misans/misans_67.ef
[59/191] size= 68  2649 KiB  4.0s  misans/misans_68.ef
[60/191] size= 69  2723 KiB  4.3s  misans/misans_69.ef
[61/191] size= 70  2800 KiB  7.1s  misans/misans_70.ef
[62/191] size= 71  2874 KiB  7.2s  misans/misans_71.ef
[63/191] size= 72  2950 KiB  7.2s  misans/misans_72.ef
[64/191] size= 73  3030 KiB  7.3s  misans/misans_73.ef
[65/191] size= 74  3105 KiB  7.5s  misans/misans_74.ef
[66/191] size= 75  3190 KiB  7.5s  misans/misans_75.ef
[67/191] size= 76  3262 KiB  7.6s  misans/misans_76.ef
[68/191] size= 77  3342 KiB  7.5s  misans/misans_77.ef
[69/191] size= 78  3426 KiB  4.9s  misans/misans_78.ef
[70/191] size= 79  3515 KiB  5.0s  misans/misans_79.ef
[71/191] size= 80  3604 KiB  5.4s  misans/misans_80.ef
[72/191] size= 81  3695 KiB  5.3s  misans/misans_81.ef
[73/191] size= 82  3782 KiB  5.3s  misans/misans_82.ef
[74/191] size= 83  3872 KiB  5.6s  misans/misans_83.ef
[75/191] size= 84  3964 KiB  5.5s  misans/misans_84.ef
[76/191] size= 85  4059 KiB  5.6s  misans/misans_85.ef
[77/191] size= 86  4154 KiB  5.5s  misans/misans_86.ef
[78/191] size= 87  4244 KiB  5.7s  misans/misans_87.ef
[79/191] size= 88  4338 KiB  5.5s  misans/misans_88.ef
[80/191] size= 89  4431 KiB  5.7s  misans/misans_89.ef
[81/191] size= 90  4532 KiB  6.1s  misans/misans_90.ef
[82/191] size= 91  4626 KiB  6.2s  misans/misans_91.ef
[83/191] size= 92  4715 KiB  6.4s  misans/misans_92.ef
[84/191] size= 93  4821 KiB  6.6s  misans/misans_93.ef
[85/191] size= 94  4915 KiB  6.8s  misans/misans_94.ef
[86/191] size= 95  5019 KiB  6.6s  misans/misans_95.ef
[87/191] size= 96  5128 KiB  7.0s  misans/misans_96.ef
[88/191] size= 97  5235 KiB  6.9s  misans/misans_97.ef
[89/191] size= 98  5344 KiB  7.3s  misans/misans_98.ef
[90/191] size= 99  5450 KiB  7.3s  misans/misans_99.ef
[91/191] size=100  5569 KiB  7.7s  misans/misans_100.ef
[92/191] size=101  5669 KiB  7.5s  misans/misans_101.ef
[93/191] size=102  5777 KiB  7.8s  misans/misans_102.ef
[94/191] size=103  5891 KiB  8.0s  misans/misans_103.ef
[95/191] size=104  5999 KiB  8.1s  misans/misans_104.ef
[96/191] size=105  6112 KiB  8.5s  misans/misans_105.ef
[97/191] size=106  6229 KiB  8.7s  misans/misans_106.ef
[98/191] size=107  6339 KiB  8.9s  misans/misans_107.ef
[99/191] size=108  6456 KiB  11.5s  misans/misans_108.ef
[100/191] size=109  6570 KiB  11.6s  misans/misans_109.ef
[101/191] size=110  6692 KiB  12.0s  misans/misans_110.ef
[102/191] size=111  6805 KiB  12.0s  misans/misans_111.ef
[103/191] size=112  6936 KiB  12.4s  misans/misans_112.ef
[104/191] size=113  7053 KiB  12.6s  misans/misans_113.ef
[105/191] size=114  7179 KiB  12.9s  misans/misans_114.ef
